Archive member included to satisfy reference by file (symbol)

/home/abel/Ac6/SystemWorkbench/plugins/fr.ac6.mcu.externaltools.arm-none.linux64_1.15.0.201708311556/tools/compiler/bin/../lib/gcc/arm-none-eabi/6.3.1/../../../../arm-none-eabi/lib/thumb/v7e-m/fpv4-sp/hard/libc.a(lib_a-errno.o)
                              src/syscalls.o (__errno)
/home/abel/Ac6/SystemWorkbench/plugins/fr.ac6.mcu.externaltools.arm-none.linux64_1.15.0.201708311556/tools/compiler/bin/../lib/gcc/arm-none-eabi/6.3.1/../../../../arm-none-eabi/lib/thumb/v7e-m/fpv4-sp/hard/libc.a(lib_a-exit.o)
                              /home/abel/Ac6/SystemWorkbench/plugins/fr.ac6.mcu.externaltools.arm-none.linux64_1.15.0.201708311556/tools/compiler/bin/../lib/gcc/arm-none-eabi/6.3.1/../../../../arm-none-eabi/lib/thumb/v7e-m/fpv4-sp/hard/crt0.o (exit)
/home/abel/Ac6/SystemWorkbench/plugins/fr.ac6.mcu.externaltools.arm-none.linux64_1.15.0.201708311556/tools/compiler/bin/../lib/gcc/arm-none-eabi/6.3.1/../../../../arm-none-eabi/lib/thumb/v7e-m/fpv4-sp/hard/libc.a(lib_a-impure.o)
                              /home/abel/Ac6/SystemWorkbench/plugins/fr.ac6.mcu.externaltools.arm-none.linux64_1.15.0.201708311556/tools/compiler/bin/../lib/gcc/arm-none-eabi/6.3.1/../../../../arm-none-eabi/lib/thumb/v7e-m/fpv4-sp/hard/libc.a(lib_a-exit.o) (_global_impure_ptr)
/home/abel/Ac6/SystemWorkbench/plugins/fr.ac6.mcu.externaltools.arm-none.linux64_1.15.0.201708311556/tools/compiler/bin/../lib/gcc/arm-none-eabi/6.3.1/../../../../arm-none-eabi/lib/thumb/v7e-m/fpv4-sp/hard/libc.a(lib_a-init.o)
                              /home/abel/Ac6/SystemWorkbench/plugins/fr.ac6.mcu.externaltools.arm-none.linux64_1.15.0.201708311556/tools/compiler/bin/../lib/gcc/arm-none-eabi/6.3.1/../../../../arm-none-eabi/lib/thumb/v7e-m/fpv4-sp/hard/crt0.o (__libc_init_array)
/home/abel/Ac6/SystemWorkbench/plugins/fr.ac6.mcu.externaltools.arm-none.linux64_1.15.0.201708311556/tools/compiler/bin/../lib/gcc/arm-none-eabi/6.3.1/../../../../arm-none-eabi/lib/thumb/v7e-m/fpv4-sp/hard/libc.a(lib_a-memset.o)
                              /home/abel/Ac6/SystemWorkbench/plugins/fr.ac6.mcu.externaltools.arm-none.linux64_1.15.0.201708311556/tools/compiler/bin/../lib/gcc/arm-none-eabi/6.3.1/../../../../arm-none-eabi/lib/thumb/v7e-m/fpv4-sp/hard/crt0.o (memset)
/home/abel/Ac6/SystemWorkbench/plugins/fr.ac6.mcu.externaltools.arm-none.linux64_1.15.0.201708311556/tools/compiler/bin/../lib/gcc/arm-none-eabi/6.3.1/../../../../arm-none-eabi/lib/thumb/v7e-m/fpv4-sp/hard/libc.a(lib_a-strlen.o)
                              src/usart2_comm.o (strlen)
/home/abel/Ac6/SystemWorkbench/plugins/fr.ac6.mcu.externaltools.arm-none.linux64_1.15.0.201708311556/tools/compiler/bin/../lib/gcc/arm-none-eabi/6.3.1/../../../../arm-none-eabi/lib/thumb/v7e-m/fpv4-sp/hard/libc.a(lib_a-__call_atexit.o)
                              /home/abel/Ac6/SystemWorkbench/plugins/fr.ac6.mcu.externaltools.arm-none.linux64_1.15.0.201708311556/tools/compiler/bin/../lib/gcc/arm-none-eabi/6.3.1/../../../../arm-none-eabi/lib/thumb/v7e-m/fpv4-sp/hard/libc.a(lib_a-exit.o) (__call_exitprocs)
/home/abel/Ac6/SystemWorkbench/plugins/fr.ac6.mcu.externaltools.arm-none.linux64_1.15.0.201708311556/tools/compiler/bin/../lib/gcc/arm-none-eabi/6.3.1/../../../../arm-none-eabi/lib/thumb/v7e-m/fpv4-sp/hard/libc.a(lib_a-atexit.o)
                              /home/abel/Ac6/SystemWorkbench/plugins/fr.ac6.mcu.externaltools.arm-none.linux64_1.15.0.201708311556/tools/compiler/bin/../lib/gcc/arm-none-eabi/6.3.1/../../../../arm-none-eabi/lib/thumb/v7e-m/fpv4-sp/hard/libc.a(lib_a-__call_atexit.o) (atexit)
/home/abel/Ac6/SystemWorkbench/plugins/fr.ac6.mcu.externaltools.arm-none.linux64_1.15.0.201708311556/tools/compiler/bin/../lib/gcc/arm-none-eabi/6.3.1/../../../../arm-none-eabi/lib/thumb/v7e-m/fpv4-sp/hard/libc.a(lib_a-fini.o)
                              /home/abel/Ac6/SystemWorkbench/plugins/fr.ac6.mcu.externaltools.arm-none.linux64_1.15.0.201708311556/tools/compiler/bin/../lib/gcc/arm-none-eabi/6.3.1/../../../../arm-none-eabi/lib/thumb/v7e-m/fpv4-sp/hard/libc.a(lib_a-__call_atexit.o) (__libc_fini_array)
/home/abel/Ac6/SystemWorkbench/plugins/fr.ac6.mcu.externaltools.arm-none.linux64_1.15.0.201708311556/tools/compiler/bin/../lib/gcc/arm-none-eabi/6.3.1/../../../../arm-none-eabi/lib/thumb/v7e-m/fpv4-sp/hard/libc.a(lib_a-lock.o)
                              /home/abel/Ac6/SystemWorkbench/plugins/fr.ac6.mcu.externaltools.arm-none.linux64_1.15.0.201708311556/tools/compiler/bin/../lib/gcc/arm-none-eabi/6.3.1/../../../../arm-none-eabi/lib/thumb/v7e-m/fpv4-sp/hard/libc.a(lib_a-__call_atexit.o) (__retarget_lock_acquire_recursive)
/home/abel/Ac6/SystemWorkbench/plugins/fr.ac6.mcu.externaltools.arm-none.linux64_1.15.0.201708311556/tools/compiler/bin/../lib/gcc/arm-none-eabi/6.3.1/../../../../arm-none-eabi/lib/thumb/v7e-m/fpv4-sp/hard/libc.a(lib_a-__atexit.o)
[...]
Memory Configuration

Name             Origin             Length             Attributes
RAM              0x0000000020000000 0x0000000000020000 xrw
ROM              0x0000000008000000 0x0000000000080000 xr
*default*        0x0000000000000000 0xffffffffffffffff

Linker script and memory map

LOAD /home/abel/Ac6/SystemWorkbench/plugins/fr.ac6.mcu.externaltools.arm-none.linux64_1.15.0.201708311556/tools/compiler/bin/../lib/gcc/arm-none-eabi/6.3.1/thumb/v7e-m/fpv4-sp/hard/crti.o
LOAD /home/abel/Ac6/SystemWorkbench/plugins/fr.ac6.mcu.externaltools.arm-none.linux64_1.15.0.201708311556/tools/compiler/bin/../lib/gcc/arm-none-eabi/6.3.1/thumb/v7e-m/fpv4-sp/hard/crtbegin.o
LOAD /home/abel/Ac6/SystemWorkbench/plugins/fr.ac6.mcu.externaltools.arm-none.linux64_1.15.0.201708311556/tools/compiler/bin/../lib/gcc/arm-none-eabi/6.3.1/../../../../arm-none-eabi/lib/thumb/v7e-m/fpv4-sp/hard/crt0.o
LOAD StdPeriph_Driver/src/misc.o
LOAD StdPeriph_Driver/src/stm32f4xx_adc.o
LOAD StdPeriph_Driver/src/stm32f4xx_can.o
LOAD StdPeriph_Driver/src/stm32f4xx_cec.o
LOAD StdPeriph_Driver/src/stm32f4xx_crc.o
LOAD StdPeriph_Driver/src/stm32f4xx_cryp.o
LOAD StdPeriph_Driver/src/stm32f4xx_cryp_aes.o
LOAD StdPeriph_Driver/src/stm32f4xx_cryp_des.o
LOAD StdPeriph_Driver/src/stm32f4xx_cryp_tdes.o
LOAD StdPeriph_Driver/src/stm32f4xx_dac.o
LOAD StdPeriph_Driver/src/stm32f4xx_dbgmcu.o
LOAD StdPeriph_Driver/src/stm32f4xx_dcmi.o
LOAD StdPeriph_Driver/src/stm32f4xx_dfsdm.o
LOAD StdPeriph_Driver/src/stm32f4xx_dma.o
LOAD StdPeriph_Driver/src/stm32f4xx_dma2d.o
LOAD StdPeriph_Driver/src/stm32f4xx_dsi.o
LOAD StdPeriph_Driver/src/stm32f4xx_exti.o
LOAD StdPeriph_Driver/src/stm32f4xx_flash.o
LOAD StdPeriph_Driver/src/stm32f4xx_flash_ramfunc.o
LOAD StdPeriph_Driver/src/stm32f4xx_fmc.o
LOAD StdPeriph_Driver/src/stm32f4xx_fmip2c.o
LOAD StdPeriph_Driver/src/stm32f4xx_fsmc.o
LOAD StdPeriph_Driver/src/stm32f4xx_gpio.o
LOAD StdPeriph_Driver/src/stm32f4xx_hash.o
LOAD StdPeriph_Driver/src/stm32f4xx_hash_md5.o
LOAD StdPeriph_Driver/src/stm32f4xx_hash_sha1.o
LOAD StdPeriph_Driver/src/stm32f4xx_i2c.o
LOAD StdPeriph_Driver/src/stm32f4xx_iwdg.o
LOAD StdPeriph_Driver/src/stm32f4xx_lptim.o
LOAD StdPeriph_Driver/src/stm32f4xx_ltdc.o
LOAD StdPeriph_Driver/src/stm32f4xx_pwr.o
LOAD StdPeriph_Driver/src/stm32f4xx_qspi.o
LOAD StdPeriph_Driver/src/stm32f4xx_rcc.o
LOAD StdPeriph_Driver/src/stm32f4xx_rng.o
LOAD StdPeriph_Driver/src/stm32f4xx_rtc.o
LOAD StdPeriph_Driver/src/stm32f4xx_sai.o
LOAD StdPeriph_Driver/src/stm32f4xx_sdio.o
LOAD StdPeriph_Driver/src/stm32f4xx_spdifrx.o
LOAD StdPeriph_Driver/src/stm32f4xx_spi.o
LOAD StdPeriph_Driver/src/stm32f4xx_syscfg.o
LOAD StdPeriph_Driver/src/stm32f4xx_tim.o
LOAD StdPeriph_Driver/src/stm32f4xx_usart.o
LOAD StdPeriph_Driver/src/stm32f4xx_wwdg.o
LOAD src/gpio_led.o
LOAD src/main_OutCompare.o
LOAD src/syscalls.o
LOAD src/system_stm32f4xx.o
LOAD src/timer2_drv.o
LOAD src/usart2_comm.o
LOAD startup/startup_stm32.o
LOAD /home/abel/Ac6/SystemWorkbench/plugins/fr.ac6.mcu.externaltools.arm-none.linux64_1.15.0.201708311556/tools/compiler/bin/../lib/gcc/arm-none-eabi/6.3.1/../../../../arm-none-eabi/lib/thumb/v7e-m/fpv4-sp/hard/libm.a
START GROUP
LOAD /home/abel/Ac6/SystemWorkbench/plugins/fr.ac6.mcu.externaltools.arm-none.linux64_1.15.0.201708311556/tools/compiler/bin/../lib/gcc/arm-none-eabi/6.3.1/thumb/v7e-m/fpv4-sp/hard/libgcc.a
LOAD /home/abel/Ac6/SystemWorkbench/plugins/fr.ac6.mcu.externaltools.arm-none.linux64_1.15.0.201708311556/tools/compiler/bin/../lib/gcc/arm-none-eabi/6.3.1/../../../../arm-none-eabi/lib/thumb/v7e-m/fpv4-sp/hard/libc.a
END GROUP
LOAD /home/abel/Ac6/SystemWorkbench/plugins/fr.ac6.mcu.externaltools.arm-none.linux64_1.15.0.201708311556/tools/compiler/bin/../lib/gcc/arm-none-eabi/6.3.1/thumb/v7e-m/fpv4-sp/hard/crtend.o
LOAD /home/abel/Ac6/SystemWorkbench/plugins/fr.ac6.mcu.externaltools.arm-none.linux64_1.15.0.201708311556/tools/compiler/bin/../lib/gcc/arm-none-eabi/6.3.1/thumb/v7e-m/fpv4-sp/hard/crtn.o
                0x0000000020020000                _estack = 0x20020000
                0x0000000000000000                _Min_Heap_Size = 0x0
                0x0000000000000400                _Min_Stack_Size = 0x400

.isr_vector     0x0000000008000000      0x188
                0x0000000008000000                . = ALIGN (0x4)
 *(.isr_vector)
 .isr_vector    0x0000000008000000      0x188 startup/startup_stm32.o
                0x0000000008000000                g_pfnVectors
                0x0000000008000188                . = ALIGN (0x4)

.text           0x0000000008000188      0xfa0
                0x0000000008000188                . = ALIGN (0x4)
 *(.text)
 .text          0x0000000008000188       0x6c /home/abel/Ac6/SystemWorkbench/plugins/fr.ac6.mcu.externaltools.arm-none.linux64_1.15.0.201708311556/tools/compiler/bin/../lib/gcc/arm-none-eabi/6.3.1/thumb/v7e-m/fpv4-sp/hard/crtbegin.o
 *(.text*)
 .text.NVIC_Init
                0x00000000080001f4       0xc4 StdPeriph_Driver/src/misc.o
                0x00000000080001f4                NVIC_Init
 .text.GPIO_Init
                0x00000000080002b8      0x11c StdPeriph_Driver/src/stm32f4xx_gpio.o
                0x00000000080002b8                GPIO_Init
 .text.GPIO_ToggleBits
                0x00000000080003d4       0x24 StdPeriph_Driver/src/stm32f4xx_gpio.o
                0x00000000080003d4                GPIO_ToggleBits
 .text.GPIO_PinAFConfig
                0x00000000080003f8       0x92 StdPeriph_Driver/src/stm32f4xx_gpio.o
                0x00000000080003f8                GPIO_PinAFConfig
 *fill*         0x000000000800048a        0x2 
 .text.RCC_GetClocksFreq
                0x000000000800048c      0x150 StdPeriph_Driver/src/stm32f4xx_rcc.o
                0x000000000800048c                RCC_GetClocksFreq
 .text.RCC_AHB1PeriphClockCmd
                0x00000000080005dc       0x40 StdPeriph_Driver/src/stm32f4xx_rcc.o
                0x00000000080005dc                RCC_AHB1PeriphClockCmd
 .text.RCC_APB1PeriphClockCmd
                0x000000000800061c       0x40 StdPeriph_Driver/src/stm32f4xx_rcc.o
                0x000000000800061c                RCC_APB1PeriphClockCmd
 .text.TIM_TimeBaseInit
                0x000000000800065c       0xd8 StdPeriph_Driver/src/stm32f4xx_tim.o
                0x000000000800065c                TIM_TimeBaseInit
 .text.TIM_Cmd  0x0000000008000734       0x40 StdPeriph_Driver/src/stm32f4xx_tim.o
                0x0000000008000734                TIM_Cmd
 .text.TIM_OC3Init
                0x0000000008000774      0x10c StdPeriph_Driver/src/stm32f4xx_tim.o
                0x0000000008000774                TIM_OC3Init
 .text.TIM_OC3PreloadConfig
                0x0000000008000880       0x38 StdPeriph_Driver/src/stm32f4xx_tim.o
                0x0000000008000880                TIM_OC3PreloadConfig
 .text.TIM_GetITStatus
                0x00000000080008b8       0x54 StdPeriph_Driver/src/stm32f4xx_tim.o
                0x00000000080008b8                TIM_GetITStatus
 .text.TIM_ClearITPendingBit
                0x000000000800090c       0x22 StdPeriph_Driver/src/stm32f4xx_tim.o
                0x000000000800090c                TIM_ClearITPendingBit
 *fill*         0x000000000800092e        0x2 
 .text.USART_Init
                0x0000000008000930      0x174 StdPeriph_Driver/src/stm32f4xx_usart.o
                0x0000000008000930                USART_Init
 .text.USART_Cmd
                0x0000000008000aa4       0x40 StdPeriph_Driver/src/stm32f4xx_usart.o
                0x0000000008000aa4                USART_Cmd
 .text.USART_ITConfig
                0x0000000008000ae4       0x90 StdPeriph_Driver/src/stm32f4xx_usart.o
                0x0000000008000ae4                USART_ITConfig
 .text.USART_ClearITPendingBit
                0x0000000008000b74       0x3a StdPeriph_Driver/src/stm32f4xx_usart.o
                0x0000000008000b74                USART_ClearITPendingBit
 *fill*         0x0000000008000bae        0x2 
 .text.init_gpio_pins
                0x0000000008000bb0       0x3c src/gpio_led.o
                0x0000000008000bb0                init_gpio_pins
 .text.NVIC_SetPriority
                0x0000000008000bec       0x54 src/main_OutCompare.o
 .text.SysTick_Config
                0x0000000008000c40       0x44 src/main_OutCompare.o
 .text.SysTick_Init
                0x0000000008000c84       0x2c src/main_OutCompare.o
                0x0000000008000c84                SysTick_Init
 .text.main     0x0000000008000cb0       0x38 src/main_OutCompare.o
                0x0000000008000cb0                main
 .text.SysTick_Handler
                0x0000000008000ce8        0xe src/main_OutCompare.o
                0x0000000008000ce8                SysTick_Handler
 *fill*         0x0000000008000cf6        0x2 
 .text.TIM2_IRQHandler
                0x0000000008000cf8       0x30 src/main_OutCompare.o
                0x0000000008000cf8                TIM2_IRQHandler
 .text.SystemInit
                0x0000000008000d28       0x6c src/system_stm32f4xx.o
                0x0000000008000d28                SystemInit
 .text.SetSysClock
                0x0000000008000d94       0xa0 src/system_stm32f4xx.o
 .text.enable_alt_func_gpio
                0x0000000008000e34       0x44 src/timer2_drv.o
                0x0000000008000e34                enable_alt_func_gpio
 .text.init_timer2
                0x0000000008000e78       0x68 src/timer2_drv.o
                0x0000000008000e78                init_timer2
 .text.enable_timer_irq
                0x0000000008000ee0       0x26 src/timer2_drv.o
                0x0000000008000ee0                enable_timer_irq
 *fill*         0x0000000008000f06        0x2 
 .text.init_USART2
                0x0000000008000f08       0xa0 src/usart2_comm.o
                0x0000000008000f08                init_USART2
 .text.Reset_Handler
                0x0000000008000fa8       0x44 startup/startup_stm32.o
                0x0000000008000fa8                Reset_Handler
 .text.Default_Handler
                0x0000000008000fec        0x2 startup/startup_stm32.o
                0x0000000008000fec                RTC_Alarm_IRQHandler
                0x0000000008000fec                HASH_RNG_IRQHandler
                0x0000000008000fec                EXTI2_IRQHandler
                0x0000000008000fec                TIM8_CC_IRQHandler
                0x0000000008000fec                DebugMon_Handler
                0x0000000008000fec                TIM1_CC_IRQHandler
                0x0000000008000fec                DMA2_Stream5_IRQHandler
                0x0000000008000fec                HardFault_Handler
                0x0000000008000fec                DMA1_Stream5_IRQHandler
                0x0000000008000fec                PVD_IRQHandler
                0x0000000008000fec                SDIO_IRQHandler
                0x0000000008000fec                TAMP_STAMP_IRQHandler
                0x0000000008000fec                PendSV_Handler
                0x0000000008000fec                NMI_Handler
                0x0000000008000fec                CAN2_RX1_IRQHandler
                0x0000000008000fec                EXTI3_IRQHandler
                0x0000000008000fec                TIM8_TRG_COM_TIM14_IRQHandler
                0x0000000008000fec                TIM1_UP_TIM10_IRQHandler
                0x0000000008000fec                TIM8_UP_TIM13_IRQHandler
                0x0000000008000fec                I2C3_ER_IRQHandler
                0x0000000008000fec                EXTI0_IRQHandler
                0x0000000008000fec                I2C2_EV_IRQHandler
                0x0000000008000fec                DMA1_Stream2_IRQHandler
                0x0000000008000fec                CAN1_RX0_IRQHandler
                0x0000000008000fec                FPU_IRQHandler
                0x0000000008000fec                OTG_HS_WKUP_IRQHandler
                0x0000000008000fec                UsageFault_Handler
                0x0000000008000fec                CAN2_SCE_IRQHandler
                0x0000000008000fec                DMA2_Stream2_IRQHandler
                0x0000000008000fec                SPI1_IRQHandler
                0x0000000008000fec                TIM6_DAC_IRQHandler
                0x0000000008000fec                TIM1_BRK_TIM9_IRQHandler
                0x0000000008000fec                DCMI_IRQHandler
                0x0000000008000fec                CAN2_RX0_IRQHandler
                0x0000000008000fec                DMA2_Stream3_IRQHandler
                0x0000000008000fec                USART6_IRQHandler
                0x0000000008000fec                USART3_IRQHandler
                0x0000000008000fec                CRYP_IRQHandler
                0x0000000008000fec                CAN1_RX1_IRQHandler
                0x0000000008000fec                UART5_IRQHandler
                0x0000000008000fec                DMA2_Stream0_IRQHandler
                0x0000000008000fec                TIM4_IRQHandler
                0x0000000008000fec                I2C1_EV_IRQHandler
                0x0000000008000fec                DMA1_Stream6_IRQHandler
                0x0000000008000fec                DMA1_Stream1_IRQHandler
                0x0000000008000fec                UART4_IRQHandler
                0x0000000008000fec                TIM3_IRQHandler
                0x0000000008000fec                RCC_IRQHandler
                0x0000000008000fec                TIM8_BRK_TIM12_IRQHandler
                0x0000000008000fec                Default_Handler
                0x0000000008000fec                EXTI15_10_IRQHandler
                0x0000000008000fec                ADC_IRQHandler
                0x0000000008000fec                DMA1_Stream7_IRQHandler
                0x0000000008000fec                TIM7_IRQHandler
                0x0000000008000fec                CAN2_TX_IRQHandler
                0x0000000008000fec                TIM5_IRQHandler
                0x0000000008000fec                DMA2_Stream7_IRQHandler
                0x0000000008000fec                I2C3_EV_IRQHandler
                0x0000000008000fec                EXTI9_5_IRQHandler
                0x0000000008000fec                RTC_WKUP_IRQHandler
                0x0000000008000fec                ETH_WKUP_IRQHandler
                0x0000000008000fec                SPI2_IRQHandler
                0x0000000008000fec                OTG_HS_EP1_IN_IRQHandler
                0x0000000008000fec                MemManage_Handler
                0x0000000008000fec                DMA1_Stream0_IRQHandler
                0x0000000008000fec                CAN1_TX_IRQHandler
                0x0000000008000fec                SVC_Handler
                0x0000000008000fec                EXTI4_IRQHandler
                0x0000000008000fec                FSMC_IRQHandler
                0x0000000008000fec                ETH_IRQHandler
                0x0000000008000fec                OTG_HS_EP1_OUT_IRQHandler
                0x0000000008000fec                WWDG_IRQHandler
                0x0000000008000fec                OTG_FS_WKUP_IRQHandler
                0x0000000008000fec                TIM1_TRG_COM_TIM11_IRQHandler
                0x0000000008000fec                OTG_HS_IRQHandler
                0x0000000008000fec                EXTI1_IRQHandler
                0x0000000008000fec                USART2_IRQHandler
                0x0000000008000fec                I2C2_ER_IRQHandler
                0x0000000008000fec                DMA2_Stream1_IRQHandler
                0x0000000008000fec                CAN1_SCE_IRQHandler
                0x0000000008000fec                FLASH_IRQHandler
                0x0000000008000fec                DMA2_Stream4_IRQHandler
                0x0000000008000fec                BusFault_Handler
                0x0000000008000fec                USART1_IRQHandler
                0x0000000008000fec                OTG_FS_IRQHandler
                0x0000000008000fec                SPI3_IRQHandler
                0x0000000008000fec                DMA1_Stream4_IRQHandler
                0x0000000008000fec                I2C1_ER_IRQHandler
                0x0000000008000fec                DMA2_Stream6_IRQHandler
                0x0000000008000fec                DMA1_Stream3_IRQHandler
 *fill*         0x0000000008000fee        0x2 
 .text.startup.register_fini
                0x0000000008000ff0       0x14 /home/abel/Ac6/SystemWorkbench/plugins/fr.ac6.mcu.externaltools.arm-none.linux64_1.15.0.201708311556/tools/compiler/bin/../lib/gcc/arm-none-eabi/6.3.1/../../../../arm-none-eabi/lib/thumb/v7e-m/fpv4-sp/hard/libc.a(lib_a-__call_atexit.o)
 .text.atexit   0x0000000008001004        0xc /home/abel/Ac6/SystemWorkbench/plugins/fr.ac6.mcu.externaltools.arm-none.linux64_1.15.0.201708311556/tools/compiler/bin/../lib/gcc/arm-none-eabi/6.3.1/../../../../arm-none-eabi/lib/thumb/v7e-m/fpv4-sp/hard/libc.a(lib_a-atexit.o)
                0x0000000008001004                atexit
 .text.__libc_fini_array
                0x0000000008001010       0x34 /home/abel/Ac6/SystemWorkbench/plugins/fr.ac6.mcu.externaltools.arm-none.linux64_1.15.0.201708311556/tools/compiler/bin/../lib/gcc/arm-none-eabi/6.3.1/../../../../arm-none-eabi/lib/thumb/v7e-m/fpv4-sp/hard/libc.a(lib_a-fini.o)
                0x0000000008001010                __libc_fini_array
 .text.__retarget_lock_acquire_recursive
                0x0000000008001044        0x4 /home/abel/Ac6/SystemWorkbench/plugins/fr.ac6.mcu.externaltools.arm-none.linux64_1.15.0.201708311556/tools/compiler/bin/../lib/gcc/arm-none-eabi/6.3.1/../../../../arm-none-eabi/lib/thumb/v7e-m/fpv4-sp/hard/libc.a(lib_a-lock.o)
                0x0000000008001044                __retarget_lock_acquire_recursive
 .text.__retarget_lock_release_recursive
                0x0000000008001048        0x4 /home/abel/Ac6/SystemWorkbench/plugins/fr.ac6.mcu.externaltools.arm-none.linux64_1.15.0.201708311556/tools/compiler/bin/../lib/gcc/arm-none-eabi/6.3.1/../../../../arm-none-eabi/lib/thumb/v7e-m/fpv4-sp/hard/libc.a(lib_a-lock.o)
                0x0000000008001048                __retarget_lock_release_recursive
 .text.__register_exitproc
                0x000000000800104c       0xc4 /home/abel/Ac6/SystemWorkbench/plugins/fr.ac6.mcu.externaltools.arm-none.linux64_1.15.0.201708311556/tools/compiler/bin/../lib/gcc/arm-none-eabi/6.3.1/../../../../arm-none-eabi/lib/thumb/v7e-m/fpv4-sp/hard/libc.a(lib_a-__atexit.o)
                0x000000000800104c                __register_exitproc
 *(.glue_7)
 .glue_7        0x0000000008001110        0x0 linker stubs
 *(.glue_7t)
 .glue_7t       0x0000000008001110        0x0 linker stubs
 *(.eh_frame)
 .eh_frame      0x0000000008001110        0x0 /home/abel/Ac6/SystemWorkbench/plugins/fr.ac6.mcu.externaltools.arm-none.linux64_1.15.0.201708311556/tools/compiler/bin/../lib/gcc/arm-none-eabi/6.3.1/thumb/v7e-m/fpv4-sp/hard/crtbegin.o
 *(.init)
 .init          0x0000000008001110        0x4 /home/abel/Ac6/SystemWorkbench/plugins/fr.ac6.mcu.externaltools.arm-none.linux64_1.15.0.201708311556/tools/compiler/bin/../lib/gcc/arm-none-eabi/6.3.1/thumb/v7e-m/fpv4-sp/hard/crti.o
                0x0000000008001110                _init
 .init          0x0000000008001114        0x8 /home/abel/Ac6/SystemWorkbench/plugins/fr.ac6.mcu.externaltools.arm-none.linux64_1.15.0.201708311556/tools/compiler/bin/../lib/gcc/arm-none-eabi/6.3.1/thumb/v7e-m/fpv4-sp/hard/crtn.o
 *(.fini)
 .fini          0x000000000800111c        0x4 /home/abel/Ac6/SystemWorkbench/plugins/fr.ac6.mcu.externaltools.arm-none.linux64_1.15.0.201708311556/tools/compiler/bin/../lib/gcc/arm-none-eabi/6.3.1/thumb/v7e-m/fpv4-sp/hard/crti.o
                0x000000000800111c                _fini
 .fini          0x0000000008001120        0x8 /home/abel/Ac6/SystemWorkbench/plugins/fr.ac6.mcu.externaltools.arm-none.linux64_1.15.0.201708311556/tools/compiler/bin/../lib/gcc/arm-none-eabi/6.3.1/thumb/v7e-m/fpv4-sp/hard/crtn.o
                0x0000000008001128                . = ALIGN (0x4)
                0x0000000008001128                _etext = .

.vfp11_veneer   0x0000000008001128        0x0
 .vfp11_veneer  0x0000000008001128        0x0 linker stubs

.v4_bx          0x0000000008001128        0x0
 .v4_bx         0x0000000008001128        0x0 linker stubs

.iplt           0x0000000008001128        0x0
 .iplt          0x0000000008001128        0x0 /home/abel/Ac6/SystemWorkbench/plugins/fr.ac6.mcu.externaltools.arm-none.linux64_1.15.0.201708311556/tools/compiler/bin/../lib/gcc/arm-none-eabi/6.3.1/thumb/v7e-m/fpv4-sp/hard/crtbegin.o

.rodata         0x0000000008001128        0x4
                0x0000000008001128                . = ALIGN (0x4)
 *(.rodata)
 *(.rodata*)
 .rodata._global_impure_ptr
                0x0000000008001128        0x4 /home/abel/Ac6/SystemWorkbench/plugins/fr.ac6.mcu.externaltools.arm-none.linux64_1.15.0.201708311556/tools/compiler/bin/../lib/gcc/arm-none-eabi/6.3.1/../../../../arm-none-eabi/lib/thumb/v7e-m/fpv4-sp/hard/libc.a(lib_a-impure.o)
                0x0000000008001128                _global_impure_ptr
                0x000000000800112c                . = ALIGN (0x4)

.rel.dyn        0x000000000800112c        0x0
 .rel.iplt      0x000000000800112c        0x0 /home/abel/Ac6/SystemWorkbench/plugins/fr.ac6.mcu.externaltools.arm-none.linux64_1.15.0.201708311556/tools/compiler/bin/../lib/gcc/arm-none-eabi/6.3.1/thumb/v7e-m/fpv4-sp/hard/crtbegin.o

.ARM.extab      0x000000000800112c        0x0
                0x000000000800112c                . = ALIGN (0x4)
 *(.ARM.extab* .gnu.linkonce.armextab.*)
                0x000000000800112c                . = ALIGN (0x4)

.ARM            0x000000000800112c        0x0
                0x000000000800112c                . = ALIGN (0x4)
                0x000000000800112c                __exidx_start = .
 *(.ARM.exidx*)
                0x000000000800112c                __exidx_end = .
                0x000000000800112c                . = ALIGN (0x4)

.preinit_array  0x000000000800112c        0x0
                0x000000000800112c                . = ALIGN (0x4)
                0x000000000800112c                PROVIDE (__preinit_array_start, .)
 *(.preinit_array*)
                0x000000000800112c                PROVIDE (__preinit_array_end, .)
                0x000000000800112c                . = ALIGN (0x4)

.init_array     0x000000000800112c        0x8
                0x000000000800112c                . = ALIGN (0x4)
                0x000000000800112c                PROVIDE (__init_array_start, .)
 *(SORT(.init_array.*))
 .init_array.00000
                0x000000000800112c        0x4 /home/abel/Ac6/SystemWorkbench/plugins/fr.ac6.mcu.externaltools.arm-none.linux64_1.15.0.201708311556/tools/compiler/bin/../lib/gcc/arm-none-eabi/6.3.1/../../../../arm-none-eabi/lib/thumb/v7e-m/fpv4-sp/hard/libc.a(lib_a-__call_atexit.o)
 *(.init_array*)
 .init_array    0x0000000008001130        0x4 /home/abel/Ac6/SystemWorkbench/plugins/fr.ac6.mcu.externaltools.arm-none.linux64_1.15.0.201708311556/tools/compiler/bin/../lib/gcc/arm-none-eabi/6.3.1/thumb/v7e-m/fpv4-sp/hard/crtbegin.o
                0x0000000008001134                PROVIDE (__init_array_end, .)
                0x0000000008001134                . = ALIGN (0x4)

.fini_array     0x0000000008001134        0x4
                0x0000000008001134                . = ALIGN (0x4)
                0x0000000008001134                PROVIDE (__fini_array_start, .)
 *(SORT(.fini_array.*))
 *(.fini_array*)
 .fini_array    0x0000000008001134        0x4 /home/abel/Ac6/SystemWorkbench/plugins/fr.ac6.mcu.externaltools.arm-none.linux64_1.15.0.201708311556/tools/compiler/bin/../lib/gcc/arm-none-eabi/6.3.1/thumb/v7e-m/fpv4-sp/hard/crtbegin.o
                0x0000000008001138                PROVIDE (__fini_array_end, .)
                0x0000000008001138                . = ALIGN (0x4)
                0x0000000008001138                _sidata = LOADADDR (.data)

.data           0x0000000020000000      0x454 load address 0x0000000008001138
                0x0000000020000000                . = ALIGN (0x4)
                0x0000000020000000                _sdata = .
 *(.data)
 .data          0x0000000020000000       0x10 StdPeriph_Driver/src/stm32f4xx_rcc.o
 .data          0x0000000020000010       0x14 src/system_stm32f4xx.o
                0x0000000020000010                SystemCoreClock
                0x0000000020000014                AHBPrescTable
 *(.data*)
 *fill*         0x0000000020000024        0x4 
 .data.impure_data
                0x0000000020000028      0x428 /home/abel/Ac6/SystemWorkbench/plugins/fr.ac6.mcu.externaltools.arm-none.linux64_1.15.0.201708311556/tools/compiler/bin/../lib/gcc/arm-none-eabi/6.3.1/../../../../arm-none-eabi/lib/thumb/v7e-m/fpv4-sp/hard/libc.a(lib_a-impure.o)
 .data.__atexit_recursive_mutex
                0x0000000020000450        0x4 /home/abel/Ac6/SystemWorkbench/plugins/fr.ac6.mcu.externaltools.arm-none.linux64_1.15.0.201708311556/tools/compiler/bin/../lib/gcc/arm-none-eabi/6.3.1/../../../../arm-none-eabi/lib/thumb/v7e-m/fpv4-sp/hard/libc.a(lib_a-__call_atexit.o)
                0x0000000020000450                __atexit_recursive_mutex
                0x0000000020000454                . = ALIGN (0x4)
                0x0000000020000454                _edata = .

.jcr            0x0000000020000454        0x0 load address 0x000000000800158c
 .jcr           0x0000000020000454        0x0 /home/abel/Ac6/SystemWorkbench/plugins/fr.ac6.mcu.externaltools.arm-none.linux64_1.15.0.201708311556/tools/compiler/bin/../lib/gcc/arm-none-eabi/6.3.1/thumb/v7e-m/fpv4-sp/hard/crtbegin.o

.igot.plt       0x0000000020000454        0x0 load address 0x000000000800158c
 .igot.plt      0x0000000020000454        0x0 /home/abel/Ac6/SystemWorkbench/plugins/fr.ac6.mcu.externaltools.arm-none.linux64_1.15.0.201708311556/tools/compiler/bin/../lib/gcc/arm-none-eabi/6.3.1/thumb/v7e-m/fpv4-sp/hard/crtbegin.o
                0x0000000020000454                . = ALIGN (0x4)

.bss            0x0000000020000454       0x40 load address 0x000000000800158c
                0x0000000020000454                _sbss = .
                0x0000000020000454                __bss_start__ = _sbss
 *(.bss)
 .bss           0x0000000020000454       0x1c /home/abel/Ac6/SystemWorkbench/plugins/fr.ac6.mcu.externaltools.arm-none.linux64_1.15.0.201708311556/tools/compiler/bin/../lib/gcc/arm-none-eabi/6.3.1/thumb/v7e-m/fpv4-sp/hard/crtbegin.o
 *(.bss*)
 *(COMMON)
 COMMON         0x0000000020000470       0x21 /home/abel/Ac6/SystemWorkbench/plugins/fr.ac6.mcu.externaltools.arm-none.linux64_1.15.0.201708311556/tools/compiler/bin/../lib/gcc/arm-none-eabi/6.3.1/../../../../arm-none-eabi/lib/thumb/v7e-m/fpv4-sp/hard/libc.a(lib_a-lock.o)
                0x0000000020000470                __lock___atexit_recursive_mutex
                0x0000000020000474                __lock___arc4random_mutex
                0x0000000020000478                __lock___env_recursive_mutex
                0x000000002000047c                __lock___sinit_recursive_mutex
                0x0000000020000480                __lock___malloc_recursive_mutex
                0x0000000020000484                __lock___at_quick_exit_mutex
                0x0000000020000488                __lock___dd_hash_mutex
                0x000000002000048c                __lock___tz_mutex
                0x0000000020000490                __lock___sfp_recursive_mutex
                0x0000000020000494                . = ALIGN (0x4)
 *fill*         0x0000000020000491        0x3 
                0x0000000020000494                _ebss = .
                0x0000000020000494                __bss_end__ = _ebss

._user_heap_stack
                0x0000000020000494      0x404 load address 0x000000000800158c
                0x0000000020000498                . = ALIGN (0x8)
 *fill*         0x0000000020000494        0x4 
                0x0000000020000498                PROVIDE (end, .)
                [!provide]                        PROVIDE (_end, .)
                0x0000000020000498                . = (. + _Min_Heap_Size)
                0x0000000020000898                . = (. + _Min_Stack_Size)
 *fill*         0x0000000020000498      0x400 
                0x0000000020000898                . = ALIGN (0x8)

/DISCARD/
 libc.a(*)
 libm.a(*)
 libgcc.a(*)

.ARM.attributes
                0x0000000000000000       0x30
 *(.ARM.attributes)
 .ARM.attributes
                0x0000000000000000       0x22 /home/abel/Ac6/SystemWorkbench/plugins/fr.ac6.mcu.externaltools.arm-none.linux64_1.15.0.201708311556/tools/compiler/bin/../lib/gcc/arm-none-eabi/6.3.1/thumb/v7e-m/fpv4-sp/hard/crti.o
 .ARM.attributes
                0x0000000000000022       0x34 /home/abel/Ac6/SystemWorkbench/plugins/fr.ac6.mcu.externaltools.arm-none.linux64_1.15.0.201708311556/tools/compiler/bin/../lib/gcc/arm-none-eabi/6.3.1/thumb/v7e-m/fpv4-sp/hard/crtbegin.o
 .ARM.attributes
                0x0000000000000056       0x39 StdPeriph_Driver/src/misc.o
 .ARM.attributes
                0x000000000000008f       0x39 StdPeriph_Driver/src/stm32f4xx_gpio.o
 .ARM.attributes
                0x00000000000000c8       0x39 StdPeriph_Driver/src/stm32f4xx_rcc.o
 .ARM.attributes
                0x0000000000000101       0x39 StdPeriph_Driver/src/stm32f4xx_tim.o
 .ARM.attributes
                0x000000000000013a       0x39 StdPeriph_Driver/src/stm32f4xx_usart.o
 .ARM.attributes
                0x0000000000000173       0x39 src/gpio_led.o
 .ARM.attributes
                0x00000000000001ac       0x39 src/main_OutCompare.o
 .ARM.attributes
                0x00000000000001e5       0x39 src/system_stm32f4xx.o
 .ARM.attributes
                0x000000000000021e       0x39 src/timer2_drv.o
 .ARM.attributes
                0x0000000000000257       0x39 src/usart2_comm.o
 .ARM.attributes
                0x0000000000000290       0x21 startup/startup_stm32.o
 .ARM.attributes
                0x00000000000002b1       0x34 /home/abel/Ac6/SystemWorkbench/plugins/fr.ac6.mcu.externaltools.arm-none.linux64_1.15.0.201708311556/tools/compiler/bin/../lib/gcc/arm-none-eabi/6.3.1/../../../../arm-none-eabi/lib/thumb/v7e-m/fpv4-sp/hard/libc.a(lib_a-impure.o)
 .ARM.attributes
                0x00000000000002e5       0x34 /home/abel/Ac6/SystemWorkbench/plugins/fr.ac6.mcu.externaltools.arm-none.linux64_1.15.0.201708311556/tools/compiler/bin/../lib/gcc/arm-none-eabi/6.3.1/../../../../arm-none-eabi/lib/thumb/v7e-m/fpv4-sp/hard/libc.a(lib_a-__call_atexit.o)
 .ARM.attributes
                0x0000000000000319       0x34 /home/abel/Ac6/SystemWorkbench/plugins/fr.ac6.mcu.externaltools.arm-none.linux64_1.15.0.201708311556/tools/compiler/bin/../lib/gcc/arm-none-eabi/6.3.1/../../../../arm-none-eabi/lib/thumb/v7e-m/fpv4-sp/hard/libc.a(lib_a-atexit.o)
 .ARM.attributes
                0x000000000000034d       0x34 /home/abel/Ac6/SystemWorkbench/plugins/fr.ac6.mcu.externaltools.arm-none.linux64_1.15.0.201708311556/tools/compiler/bin/../lib/gcc/arm-none-eabi/6.3.1/../../../../arm-none-eabi/lib/thumb/v7e-m/fpv4-sp/hard/libc.a(lib_a-fini.o)
 .ARM.attributes
                0x0000000000000381       0x34 /home/abel/Ac6/SystemWorkbench/plugins/fr.ac6.mcu.externaltools.arm-none.linux64_1.15.0.201708311556/tools/compiler/bin/../lib/gcc/arm-none-eabi/6.3.1/../../../../arm-none-eabi/lib/thumb/v7e-m/fpv4-sp/hard/libc.a(lib_a-lock.o)
 .ARM.attributes
                0x00000000000003b5       0x34 /home/abel/Ac6/SystemWorkbench/plugins/fr.ac6.mcu.externaltools.arm-none.linux64_1.15.0.201708311556/tools/compiler/bin/../lib/gcc/arm-none-eabi/6.3.1/../../../../arm-none-eabi/lib/thumb/v7e-m/fpv4-sp/hard/libc.a(lib_a-__atexit.o)
 .ARM.attributes
                0x00000000000003e9       0x22 /home/abel/Ac6/SystemWorkbench/plugins/fr.ac6.mcu.externaltools.arm-none.linux64_1.15.0.201708311556/tools/compiler/bin/../lib/gcc/arm-none-eabi/6.3.1/thumb/v7e-m/fpv4-sp/hard/crtn.o
OUTPUT(Timer_OutputCompare_Demo.elf elf32-littlearm)

.debug_info     0x0000000000000000     0x67ed
 .debug_info    0x0000000000000000      0x551 StdPeriph_Driver/src/misc.o
 .debug_info    0x0000000000000551      0x62c StdPeriph_Driver/src/stm32f4xx_gpio.o
 .debug_info    0x0000000000000b7d      0xd71 StdPeriph_Driver/src/stm32f4xx_rcc.o
 .debug_info    0x00000000000018ee     0x1c78 StdPeriph_Driver/src/stm32f4xx_tim.o
 .debug_info    0x0000000000003566      0x9d9 StdPeriph_Driver/src/stm32f4xx_usart.o
 .debug_info    0x0000000000003f3f      0x2c4 src/gpio_led.o
 .debug_info    0x0000000000004203      0x935 src/main_OutCompare.o
 .debug_info    0x0000000000004b38      0x5c5 src/system_stm32f4xx.o
 .debug_info    0x00000000000050fd      0x7c3 src/timer2_drv.o
 .debug_info    0x00000000000058c0      0xeb0 src/usart2_comm.o
 .debug_info    0x0000000000006770       0x7d startup/startup_stm32.o

.debug_abbrev   0x0000000000000000     0x101b
 .debug_abbrev  0x0000000000000000      0x175 StdPeriph_Driver/src/misc.o
 .debug_abbrev  0x0000000000000175      0x1bb StdPeriph_Driver/src/stm32f4xx_gpio.o
 .debug_abbrev  0x0000000000000330      0x1d2 StdPeriph_Driver/src/stm32f4xx_rcc.o
 .debug_abbrev  0x0000000000000502      0x19d StdPeriph_Driver/src/stm32f4xx_tim.o
 .debug_abbrev  0x000000000000069f      0x185 StdPeriph_Driver/src/stm32f4xx_usart.o
 .debug_abbrev  0x0000000000000824      0x117 src/gpio_led.o
 .debug_abbrev  0x000000000000093b      0x1fa src/main_OutCompare.o
 .debug_abbrev  0x0000000000000b35      0x138 src/system_stm32f4xx.o
 .debug_abbrev  0x0000000000000c6d      0x14b src/timer2_drv.o
 .debug_abbrev  0x0000000000000db8      0x251 src/usart2_comm.o
 .debug_abbrev  0x0000000000001009       0x12 startup/startup_stm32.o

.debug_aranges  0x0000000000000000      0x788
 .debug_aranges
                0x0000000000000000       0x40 StdPeriph_Driver/src/misc.o
 .debug_aranges
                0x0000000000000040       0x88 StdPeriph_Driver/src/stm32f4xx_gpio.o
 .debug_aranges
                0x00000000000000c8      0x198 StdPeriph_Driver/src/stm32f4xx_rcc.o
 .debug_aranges
                0x0000000000000260      0x2f8 StdPeriph_Driver/src/stm32f4xx_tim.o
 .debug_aranges
                0x0000000000000558      0x100 StdPeriph_Driver/src/stm32f4xx_usart.o
 .debug_aranges
                0x0000000000000658       0x20 src/gpio_led.o
 .debug_aranges
                0x0000000000000678       0x50 src/main_OutCompare.o
 .debug_aranges
                0x00000000000006c8       0x30 src/system_stm32f4xx.o
 .debug_aranges
                0x00000000000006f8       0x30 src/timer2_drv.o
 .debug_aranges
                0x0000000000000728       0x38 src/usart2_comm.o
 .debug_aranges
                0x0000000000000760       0x28 startup/startup_stm32.o

.debug_ranges   0x0000000000000000      0x6e0
 .debug_ranges  0x0000000000000000       0x30 StdPeriph_Driver/src/misc.o
 .debug_ranges  0x0000000000000030       0x78 StdPeriph_Driver/src/stm32f4xx_gpio.o
 .debug_ranges  0x00000000000000a8      0x188 StdPeriph_Driver/src/stm32f4xx_rcc.o
 .debug_ranges  0x0000000000000230      0x2e8 StdPeriph_Driver/src/stm32f4xx_tim.o
 .debug_ranges  0x0000000000000518       0xf0 StdPeriph_Driver/src/stm32f4xx_usart.o
 .debug_ranges  0x0000000000000608       0x10 src/gpio_led.o
 .debug_ranges  0x0000000000000618       0x40 src/main_OutCompare.o
 .debug_ranges  0x0000000000000658       0x20 src/system_stm32f4xx.o
 .debug_ranges  0x0000000000000678       0x20 src/timer2_drv.o
 .debug_ranges  0x0000000000000698       0x28 src/usart2_comm.o
 .debug_ranges  0x00000000000006c0       0x20 startup/startup_stm32.o

.debug_macro    0x0000000000000000     0xeffb
 .debug_macro   0x0000000000000000      0x191 StdPeriph_Driver/src/misc.o
 .debug_macro   0x0000000000000191      0x8ce StdPeriph_Driver/src/misc.o
 .debug_macro   0x0000000000000a5f       0x65 StdPeriph_Driver/src/misc.o
 .debug_macro   0x0000000000000ac4       0x3b StdPeriph_Driver/src/misc.o
 .debug_macro   0x0000000000000aff       0x22 StdPeriph_Driver/src/misc.o
 .debug_macro   0x0000000000000b21       0x87 StdPeriph_Driver/src/misc.o
 .debug_macro   0x0000000000000ba8       0x51 StdPeriph_Driver/src/misc.o
 .debug_macro   0x0000000000000bf9       0xef StdPeriph_Driver/src/misc.o
 .debug_macro   0x0000000000000ce8       0x6a StdPeriph_Driver/src/misc.o
 .debug_macro   0x0000000000000d52      0x1df StdPeriph_Driver/src/misc.o
 .debug_macro   0x0000000000000f31       0x34 StdPeriph_Driver/src/misc.o
 .debug_macro   0x0000000000000f65       0x26 StdPeriph_Driver/src/misc.o
 .debug_macro   0x0000000000000f8b      0xe43 StdPeriph_Driver/src/misc.o
 .debug_macro   0x0000000000001dce     0x7fd9 StdPeriph_Driver/src/misc.o
 .debug_macro   0x0000000000009da7      0x44f StdPeriph_Driver/src/misc.o
 .debug_macro   0x000000000000a1f6       0xb2 StdPeriph_Driver/src/misc.o
 .debug_macro   0x000000000000a2a8      0x477 StdPeriph_Driver/src/misc.o
 .debug_macro   0x000000000000a71f       0xb5 StdPeriph_Driver/src/misc.o
 .debug_macro   0x000000000000a7d4      0x41c StdPeriph_Driver/src/misc.o
 .debug_macro   0x000000000000abf0      0x2f4 StdPeriph_Driver/src/misc.o
 .debug_macro   0x000000000000aee4      0x2ba StdPeriph_Driver/src/misc.o
 .debug_macro   0x000000000000b19e       0x64 StdPeriph_Driver/src/misc.o
 .debug_macro   0x000000000000b202       0xee StdPeriph_Driver/src/misc.o
 .debug_macro   0x000000000000b2f0      0x64a StdPeriph_Driver/src/misc.o
 .debug_macro   0x000000000000b93a      0x59e StdPeriph_Driver/src/misc.o
 .debug_macro   0x000000000000bed8      0x342 StdPeriph_Driver/src/misc.o
 .debug_macro   0x000000000000c21a      0x36c StdPeriph_Driver/src/misc.o
 .debug_macro   0x000000000000c586      0x10d StdPeriph_Driver/src/misc.o
 .debug_macro   0x000000000000c693      0x73b StdPeriph_Driver/src/misc.o
 .debug_macro   0x000000000000cdce      0x223 StdPeriph_Driver/src/misc.o
 .debug_macro   0x000000000000cff1       0x34 StdPeriph_Driver/src/misc.o
 .debug_macro   0x000000000000d025       0x10 StdPeriph_Driver/src/misc.o
 .debug_macro   0x000000000000d035       0x35 StdPeriph_Driver/src/misc.o
 .debug_macro   0x000000000000d06a       0x7c StdPeriph_Driver/src/misc.o
 .debug_macro   0x000000000000d0e6      0x18f StdPeriph_Driver/src/stm32f4xx_gpio.o
 .debug_macro   0x000000000000d275      0x2ee StdPeriph_Driver/src/stm32f4xx_gpio.o
 .debug_macro   0x000000000000d563      0x25e StdPeriph_Driver/src/stm32f4xx_rcc.o
 .debug_macro   0x000000000000d7c1      0x1b9 StdPeriph_Driver/src/stm32f4xx_tim.o
 .debug_macro   0x000000000000d97a      0x735 StdPeriph_Driver/src/stm32f4xx_tim.o
 .debug_macro   0x000000000000e0af      0x1a7 StdPeriph_Driver/src/stm32f4xx_usart.o
 .debug_macro   0x000000000000e256      0x21d StdPeriph_Driver/src/stm32f4xx_usart.o
 .debug_macro   0x000000000000e473      0x195 src/gpio_led.o
 .debug_macro   0x000000000000e608      0x1a7 src/main_OutCompare.o
 .debug_macro   0x000000000000e7af      0x1a5 src/system_stm32f4xx.o
 .debug_macro   0x000000000000e954      0x195 src/timer2_drv.o
 .debug_macro   0x000000000000eae9      0x2fa src/usart2_comm.o
 .debug_macro   0x000000000000ede3       0x58 src/usart2_comm.o
 .debug_macro   0x000000000000ee3b       0x16 src/usart2_comm.o
 .debug_macro   0x000000000000ee51       0x97 src/usart2_comm.o
 .debug_macro   0x000000000000eee8       0xfd src/usart2_comm.o
 .debug_macro   0x000000000000efe5       0x16 src/usart2_comm.o

.debug_line     0x0000000000000000     0x5033
 .debug_line    0x0000000000000000      0x637 StdPeriph_Driver/src/misc.o
 .debug_line    0x0000000000000637      0x75f StdPeriph_Driver/src/stm32f4xx_gpio.o
 .debug_line    0x0000000000000d96      0x9e9 StdPeriph_Driver/src/stm32f4xx_rcc.o
 .debug_line    0x000000000000177f      0xeb1 StdPeriph_Driver/src/stm32f4xx_tim.o
 .debug_line    0x0000000000002630      0x8a5 StdPeriph_Driver/src/stm32f4xx_usart.o
 .debug_line    0x0000000000002ed5      0x61a src/gpio_led.o
 .debug_line    0x00000000000034ef      0x6db src/main_OutCompare.o
 .debug_line    0x0000000000003bca      0x630 src/system_stm32f4xx.o
 .debug_line    0x00000000000041fa      0x652 src/timer2_drv.o
 .debug_line    0x000000000000484c      0x771 src/usart2_comm.o
 .debug_line    0x0000000000004fbd       0x76 startup/startup_stm32.o

.debug_str      0x0000000000000000    0x58fe4
 .debug_str     0x0000000000000000    0x528e1 StdPeriph_Driver/src/misc.o
                                      0x52a83 (size before relaxing)
 .debug_str     0x00000000000528e1      0x2cb StdPeriph_Driver/src/stm32f4xx_gpio.o
                                      0x52b2b (size before relaxing)
 .debug_str     0x0000000000052bac      0xcbe StdPeriph_Driver/src/stm32f4xx_rcc.o
                                      0x5358a (size before relaxing)
 .debug_str     0x000000000005386a      0xc2f StdPeriph_Driver/src/stm32f4xx_tim.o
                                      0x53522 (size before relaxing)
 .debug_str     0x0000000000054499      0x53a StdPeriph_Driver/src/stm32f4xx_usart.o
                                      0x52e3e (size before relaxing)
 .debug_str     0x00000000000549d3       0x42 src/gpio_led.o
                                      0x529cf (size before relaxing)
 .debug_str     0x0000000000054a15      0x44b src/main_OutCompare.o
                                      0x52e35 (size before relaxing)
 .debug_str     0x0000000000054e60       0xae src/system_stm32f4xx.o
                                      0x52a4b (size before relaxing)
 .debug_str     0x0000000000054f0e       0x81 src/timer2_drv.o
                                      0x5301c (size before relaxing)
 .debug_str     0x0000000000054f8f     0x4055 src/usart2_comm.o
                                      0x56fd0 (size before relaxing)

.comment        0x0000000000000000       0x7f
 .comment       0x0000000000000000       0x7f StdPeriph_Driver/src/misc.o
                                         0x80 (size before relaxing)
 .comment       0x000000000000007f       0x80 StdPeriph_Driver/src/stm32f4xx_gpio.o
 .comment       0x000000000000007f       0x80 StdPeriph_Driver/src/stm32f4xx_rcc.o
 .comment       0x000000000000007f       0x80 StdPeriph_Driver/src/stm32f4xx_tim.o
 .comment       0x000000000000007f       0x80 StdPeriph_Driver/src/stm32f4xx_usart.o
 .comment       0x000000000000007f       0x80 src/gpio_led.o
 .comment       0x000000000000007f       0x80 src/main_OutCompare.o
 .comment       0x000000000000007f       0x80 src/system_stm32f4xx.o
 .comment       0x000000000000007f       0x80 src/timer2_drv.o
 .comment       0x000000000000007f       0x80 src/usart2_comm.o

.debug_frame    0x0000000000000000     0x21bc
 .debug_frame   0x0000000000000000       0xd8 StdPeriph_Driver/src/misc.o
 .debug_frame   0x00000000000000d8      0x23c StdPeriph_Driver/src/stm32f4xx_gpio.o
 .debug_frame   0x0000000000000314      0x774 StdPeriph_Driver/src/stm32f4xx_rcc.o
 .debug_frame   0x0000000000000a88      0xe54 StdPeriph_Driver/src/stm32f4xx_tim.o
 .debug_frame   0x00000000000018dc      0x490 StdPeriph_Driver/src/stm32f4xx_usart.o
 .debug_frame   0x0000000000001d6c       0x34 src/gpio_led.o
 .debug_frame   0x0000000000001da0       0xf8 src/main_OutCompare.o
 .debug_frame   0x0000000000001e98       0x74 src/system_stm32f4xx.o
 .debug_frame   0x0000000000001f0c       0x7c src/timer2_drv.o
 .debug_frame   0x0000000000001f88       0xa0 src/usart2_comm.o
 .debug_frame   0x0000000000002028       0x5c /home/abel/Ac6/SystemWorkbench/plugins/fr.ac6.mcu.externaltools.arm-none.linux64_1.15.0.201708311556/tools/compiler/bin/../lib/gcc/arm-none-eabi/6.3.1/../../../../arm-none-eabi/lib/thumb/v7e-m/fpv4-sp/hard/libc.a(lib_a-__call_atexit.o)
 .debug_frame   0x0000000000002084       0x20 /home/abel/Ac6/SystemWorkbench/plugins/fr.ac6.mcu.externaltools.arm-none.linux64_1.15.0.201708311556/tools/compiler/bin/../lib/gcc/arm-none-eabi/6.3.1/../../../../arm-none-eabi/lib/thumb/v7e-m/fpv4-sp/hard/libc.a(lib_a-atexit.o)
 .debug_frame   0x00000000000020a4       0x34 /home/abel/Ac6/SystemWorkbench/plugins/fr.ac6.mcu.externaltools.arm-none.linux64_1.15.0.201708311556/tools/compiler/bin/../lib/gcc/arm-none-eabi/6.3.1/../../../../arm-none-eabi/lib/thumb/v7e-m/fpv4-sp/hard/libc.a(lib_a-fini.o)
 .debug_frame   0x00000000000020d8       0xb0 /home/abel/Ac6/SystemWorkbench/plugins/fr.ac6.mcu.externaltools.arm-none.linux64_1.15.0.201708311556/tools/compiler/bin/../lib/gcc/arm-none-eabi/6.3.1/../../../../arm-none-eabi/lib/thumb/v7e-m/fpv4-sp/hard/libc.a(lib_a-lock.o)
 .debug_frame   0x0000000000002188       0x34 /home/abel/Ac6/SystemWorkbench/plugins/fr.ac6.mcu.externaltools.arm-none.linux64_1.15.0.201708311556/tools/compiler/bin/../lib/gcc/arm-none-eabi/6.3.1/../../../../arm-none-eabi/lib/thumb/v7e-m/fpv4-sp/hard/libc.a(lib_a-__atexit.o)
